<html>
<body>
<pre>
<h1>µVision Build Log</h1>
<h2>Project:</h2>
D:\SLT_ARM_Sample_Codes\Revised_LPC2148_Codes\Expt2a_UART0_Serial_Comm\Simple_UART.uvproj
Project File Date:  02/02/2015

<h2>Output:</h2>
Rebuild target 'Target 1'
assembling Startup.s...
compiling UART.c...
linking...
Program Size: Code=1252 RO-data=16 RW-data=0 ZI-data=1256  
FromELF: creating hex file...
"Simple_UART.axf" - 0 Error(s), 0 Warning(s).
Rebuild target 'Target 1'
assembling Startup.s...
compiling UART.c...
linking...
Program Size: Code=1252 RO-data=16 RW-data=0 ZI-data=1256  
FromELF: creating hex file...
"Simple_UART.axf" - 0 Error(s), 0 Warning(s).
