<html>
<body>
<pre>
<h1>µVision Build Log</h1>
<h2>Project:</h2>
D:\SLT_ARM_Sample_Codes\Expt_4a_SD_Card_Interface\SD_Card.uvproj
Project File Date:  03/08/2015

<h2>Output:</h2>
Rebuild target 'Target 1'
assembling Startup.s...
compiling SD_Card_test.c...
UART0.H(67): warning:  #1-D: last line of file ends without a newline
SD_Card_test.c(4): error:  #5: cannot open source input file "SPI.H": No such file or directory
Target not created
Rebuild target 'Target 1'
assembling Startup.s...
compiling SD_Card_test.c...
UART0.H(67): warning:  #1-D: last line of file ends without a newline
SD_Card_test.c(4): error:  #5: cannot open source input file "SPI.H": No such file or directory
Target not created
Rebuild target 'Target 1'
assembling Startup.s...
compiling SD_Card_test.c...
UART0.H(67): warning:  #1-D: last line of file ends without a newline
SPI.H(13): warning:  #550-D: variable "Dummy" was set but never used
SPI.H(35): warning:  #550-D: variable "Dummy" was set but never used
SD_Card_test.c(31): warning:  #223-D: function "sdcard_write" declared implicitly
SD_Card_test.c(41): warning:  #223-D: function "sdcard_read" declared implicitly
linking...
SD_Card_08_03.axf: Error: L6218E: Undefined symbol sdcard_read (referred from sd_card_test.o).
SD_Card_08_03.axf: Error: L6218E: Undefined symbol sdcard_write (referred from sd_card_test.o).
Target not created
Rebuild target 'Target 1'
assembling Startup.s...
compiling SD_Card_test.c...
UART0.H(67): warning:  #1-D: last line of file ends without a newline
SPI.H(13): warning:  #550-D: variable "Dummy" was set but never used
SPI.H(35): warning:  #550-D: variable "Dummy" was set but never used
linking...
Program Size: Code=2832 RO-data=544 RW-data=32 ZI-data=1256  
FromELF: creating hex file...
"SD_Card_08_03.axf" - 0 Error(s), 3 Warning(s).
Rebuild target 'Target 1'
assembling Startup.s...
compiling SD_Card_test.c...
UART0.H(67): warning:  #1-D: last line of file ends without a newline
SPI.H(13): warning:  #550-D: variable "Dummy" was set but never used
SPI.H(35): warning:  #550-D: variable "Dummy" was set but never used
linking...
Program Size: Code=2872 RO-data=544 RW-data=32 ZI-data=1256  
FromELF: creating hex file...
"SD_Card_08_03.axf" - 0 Error(s), 3 Warning(s).
Rebuild target 'Target 1'
assembling Startup.s...
compiling SD_Card_test.c...
UART0.H(67): warning:  #1-D: last line of file ends without a newline
SPI.H(15): warning:  #550-D: variable "Dummy" was set but never used
SPI.H(37): warning:  #550-D: variable "Dummy" was set but never used
SPI.H(88): warning:  #1-D: last line of file ends without a newline
linking...
Program Size: Code=2872 RO-data=544 RW-data=32 ZI-data=1256  
FromELF: creating hex file...
"SD_Card_08_03.axf" - 0 Error(s), 4 Warning(s).
Rebuild target 'Target 1'
assembling Startup.s...
compiling SD_Card_test.c...
UART0.H(20): warning:  #1295-D: Deprecated declaration UART0_RecievedByte - give arg types
UART0.H(70): warning:  #1-D: last line of file ends without a newline
SPI.H(15): warning:  #550-D: variable "Dummy" was set but never used
SPI.H(37): warning:  #550-D: variable "Dummy" was set but never used
SPI.H(88): warning:  #1-D: last line of file ends without a newline
SDCARD.H(254): warning:  #1-D: last line of file ends without a newline
linking...
Program Size: Code=2872 RO-data=544 RW-data=32 ZI-data=1256  
FromELF: creating hex file...
"SD_Card_08_03.axf" - 0 Error(s), 6 Warning(s).
Rebuild target 'Target 1'
assembling Startup.s...
compiling SD_Card_test.c...
UART0.H(69): warning:  #1-D: last line of file ends without a newline
SPI.H(15): warning:  #550-D: variable "Dummy" was set but never used
SPI.H(37): warning:  #550-D: variable "Dummy" was set but never used
SPI.H(88): warning:  #1-D: last line of file ends without a newline
SDCARD.H(254): warning:  #1-D: last line of file ends without a newline
linking...
Program Size: Code=2872 RO-data=544 RW-data=32 ZI-data=1256  
FromELF: creating hex file...
"SD_Card_08_03.axf" - 0 Error(s), 5 Warning(s).
Rebuild target 'Target 1'
assembling Startup.s...
compiling SD_Card_test.c...
UART0.H(75): warning:  #1-D: last line of file ends without a newline
SPI.H(15): warning:  #550-D: variable "Dummy" was set but never used
SPI.H(37): warning:  #550-D: variable "Dummy" was set but never used
SPI.H(88): warning:  #1-D: last line of file ends without a newline
SDCARD.H(252): warning:  #1-D: last line of file ends without a newline
linking...
Program Size: Code=2872 RO-data=544 RW-data=32 ZI-data=1256  
FromELF: creating hex file...
"SD_Card_08_03.axf" - 0 Error(s), 5 Warning(s).
