<html>
<body>
<pre>
<h1>µVision Build Log</h1>
<h2>Project:</h2>
D:\Student Data\3508\lab02\tryouts.uvproj
Project File Date:  12/24/2018

<h2>Output:</h2>
compiling first.c...
first.c(21): warning:  #111-D: statement is unreachable
first.c - 0 Error(s), 1 Warning(s).
Build target 'Target 1'
assembling Startup.s...
linking...
Program Size: Code=596 RO-data=16 RW-data=0 ZI-data=1256  
"tryouts.axf" - 0 Error(s), 0 Warning(s).
compiling second.c...
second.c(27): warning:  #111-D: statement is unreachable
second.c - 0 Error(s), 1 Warning(s).
Build target 'Target 1'
linking...
Program Size: Code=632 RO-data=16 RW-data=0 ZI-data=1256  
"tryouts.axf" - 0 Error(s), 0 Warning(s).
Build target 'Target 1'
assembling Startup.s...
compiling second.c...
second.c(27): warning:  #111-D: statement is unreachable
linking...
Program Size: Code=632 RO-data=16 RW-data=0 ZI-data=1256  
"tryouts.axf" - 0 Error(s), 1 Warning(s).
compiling second.c...
second.c(18): error:  #20: identifier "FF" is undefined
second.c(23): error:  #29: expected an expression
second.c(23): error:  #20: identifier "i" is undefined
second.c(27): error:  #20: identifier "x" is undefined
second.c(33): warning:  #111-D: statement is unreachable
second.c - 4 Error(s), 1 Warning(s).
compiling second.c...
second.c(18): error:  #20: identifier "FF" is undefined
second.c(23): error:  #29: expected an expression
second.c(23): error:  #20: identifier "i" is undefined
second.c(33): warning:  #111-D: statement is unreachable
second.c - 3 Error(s), 1 Warning(s).
compiling second.c...
second.c(23): error:  #29: expected an expression
second.c(23): error:  #20: identifier "i" is undefined
second.c(33): warning:  #111-D: statement is unreachable
second.c - 2 Error(s), 1 Warning(s).
compiling second.c...
second.c(34): warning:  #111-D: statement is unreachable
second.c - 0 Error(s), 1 Warning(s).
Build target 'Target 1'
linking...
Program Size: Code=588 RO-data=16 RW-data=0 ZI-data=1256  
"tryouts.axf" - 0 Error(s), 0 Warning(s).
Build target 'Target 1'
assembling Startup.s...
compiling second.c...
second.c(34): warning:  #111-D: statement is unreachable
linking...
Program Size: Code=588 RO-data=16 RW-data=0 ZI-data=1256  
"tryouts.axf" - 0 Error(s), 1 Warning(s).
compiling second.c...
second.c(36): warning:  #111-D: statement is unreachable
second.c - 0 Error(s), 1 Warning(s).
Build target 'Target 1'
linking...
Program Size: Code=612 RO-data=16 RW-data=0 ZI-data=1256  
"tryouts.axf" - 0 Error(s), 0 Warning(s).
Build target 'Target 1'
assembling Startup.s...
compiling second.c...
second.c(36): warning:  #111-D: statement is unreachable
linking...
Program Size: Code=612 RO-data=16 RW-data=0 ZI-data=1256  
"tryouts.axf" - 0 Error(s), 1 Warning(s).
compiling second.c...
second.c(36): warning:  #111-D: statement is unreachable
second.c - 0 Error(s), 1 Warning(s).
Build target 'Target 1'
linking...
Program Size: Code=612 RO-data=16 RW-data=0 ZI-data=1256  
"tryouts.axf" - 0 Error(s), 0 Warning(s).
compiling second.c...
second.c(36): warning:  #111-D: statement is unreachable
second.c - 0 Error(s), 1 Warning(s).
Build target 'Target 1'
linking...
Program Size: Code=612 RO-data=16 RW-data=0 ZI-data=1256  
"tryouts.axf" - 0 Error(s), 0 Warning(s).
Build target 'Target 1'
assembling Startup.s...
compiling second.c...
second.c(36): warning:  #111-D: statement is unreachable
linking...
Program Size: Code=612 RO-data=16 RW-data=0 ZI-data=1256  
"tryouts.axf" - 0 Error(s), 1 Warning(s).
compiling second.c...
second.c(36): warning:  #111-D: statement is unreachable
second.c - 0 Error(s), 1 Warning(s).
Build target 'Target 1'
linking...
Program Size: Code=620 RO-data=16 RW-data=0 ZI-data=1256  
"tryouts.axf" - 0 Error(s), 0 Warning(s).
Build target 'Target 1'
assembling Startup.s...
compiling second.c...
second.c(36): warning:  #111-D: statement is unreachable
linking...
Program Size: Code=620 RO-data=16 RW-data=0 ZI-data=1256  
"tryouts.axf" - 0 Error(s), 1 Warning(s).
compiling second.c...
second.c(36): warning:  #111-D: statement is unreachable
second.c - 0 Error(s), 1 Warning(s).
Build target 'Target 1'
assembling Startup.s...
compiling second.c...
second.c(36): warning:  #111-D: statement is unreachable
linking...
Program Size: Code=620 RO-data=16 RW-data=0 ZI-data=1256  
"tryouts.axf" - 0 Error(s), 1 Warning(s).
Build target 'Target 1'
linking...
Program Size: Code=620 RO-data=16 RW-data=0 ZI-data=1256  
"tryouts.axf" - 0 Error(s), 0 Warning(s).
Build target 'Target 1'
linking...
Program Size: Code=620 RO-data=16 RW-data=0 ZI-data=1256  
"tryouts.axf" - 0 Error(s), 0 Warning(s).
compiling second.c...
second.c - 0 Error(s), 0 Warning(s).
Build target 'Target 1'
linking...
Program Size: Code=624 RO-data=16 RW-data=0 ZI-data=1256  
"tryouts.axf" - 0 Error(s), 0 Warning(s).
Build target 'Target 1'
assembling Startup.s...
compiling second.c...
linking...
Program Size: Code=624 RO-data=16 RW-data=0 ZI-data=1256  
"tryouts.axf" - 0 Error(s), 0 Warning(s).
compiling second.c...
second.c - 0 Error(s), 0 Warning(s).
Build target 'Target 1'
linking...
Program Size: Code=680 RO-data=16 RW-data=0 ZI-data=1256  
"tryouts.axf" - 0 Error(s), 0 Warning(s).
Build target 'Target 1'
assembling Startup.s...
compiling second.c...
linking...
Program Size: Code=680 RO-data=16 RW-data=0 ZI-data=1256  
"tryouts.axf" - 0 Error(s), 0 Warning(s).
compiling second.c...
second.c - 0 Error(s), 0 Warning(s).
Build target 'Target 1'
linking...
Program Size: Code=680 RO-data=16 RW-data=0 ZI-data=1256  
FromELF: creating hex file...
"LED_CHASING.axf" - 0 Error(s), 0 Warning(s).
Build target 'Target 1'
assembling Startup.s...
compiling second.c...
linking...
Program Size: Code=680 RO-data=16 RW-data=0 ZI-data=1256  
FromELF: creating hex file...
"LED_CHASING.axf" - 0 Error(s), 0 Warning(s).
Build target 'Target 1'
assembling Startup.s...
compiling second.c...
linking...
Program Size: Code=672 RO-data=16 RW-data=0 ZI-data=1256  
FromELF: creating hex file...
"LED_CHASING.axf" - 0 Error(s), 0 Warning(s).
Build target 'Target 1'
linking...
Program Size: Code=672 RO-data=16 RW-data=0 ZI-data=1256  
FromELF: creating hex file...
"LED_CHASING.axf" - 0 Error(s), 0 Warning(s).
Build target 'Target 1'
linking...
Program Size: Code=672 RO-data=16 RW-data=0 ZI-data=1256  
FromELF: creating hex file...
"LED_CHASING.axf" - 0 Error(s), 0 Warning(s).
Build target 'Target 1'
compiling second.c...
linking...
Program Size: Code=672 RO-data=16 RW-data=0 ZI-data=1256  
FromELF: creating hex file...
"LED_CHASING.axf" - 0 Error(s), 0 Warning(s).
Build target 'Target 1'
linking...
Program Size: Code=672 RO-data=16 RW-data=0 ZI-data=1256  
FromELF: creating hex file...
"LED_CHASING.axf" - 0 Error(s), 0 Warning(s).
Build target 'Target 1'
compiling second.c...
linking...
Program Size: Code=672 RO-data=16 RW-data=0 ZI-data=1256  
FromELF: creating hex file...
"LED_CHASING.axf" - 0 Error(s), 0 Warning(s).
Build target 'Target 1'
linking...
Program Size: Code=672 RO-data=16 RW-data=0 ZI-data=1256  
FromELF: creating hex file...
"LED_CHASING.axf" - 0 Error(s), 0 Warning(s).
Build target 'Target 1'
compiling second.c...
linking...
Program Size: Code=672 RO-data=16 RW-data=0 ZI-data=1256  
FromELF: creating hex file...
"LED_CHASING.axf" - 0 Error(s), 0 Warning(s).
Build target 'Target 1'
linking...
Program Size: Code=672 RO-data=16 RW-data=0 ZI-data=1256  
FromELF: creating hex file...
"LED_CHASING.axf" - 0 Error(s), 0 Warning(s).
Build target 'Target 1'
linking...
Program Size: Code=944 RO-data=16 RW-data=0 ZI-data=1256  
FromELF: creating hex file...
"LED_CHASING.axf" - 0 Error(s), 0 Warning(s).
Build target 'Target 1'
linking...
Program Size: Code=944 RO-data=16 RW-data=0 ZI-data=1256  
FromELF: creating hex file...
"LED_CHASING.axf" - 0 Error(s), 0 Warning(s).
Build target 'Target 1'
linking...
Program Size: Code=944 RO-data=16 RW-data=0 ZI-data=1256  
FromELF: creating hex file...
"LED_CHASING.axf" - 0 Error(s), 0 Warning(s).
Build target 'Target 1'
compiling second.c...
second.c(50): warning:  #111-D: statement is unreachable
linking...
Program Size: Code=940 RO-data=16 RW-data=0 ZI-data=1256  
FromELF: creating hex file...
"LED_CHASING.axf" - 0 Error(s), 1 Warning(s).
Build target 'Target 1'
linking...
Program Size: Code=940 RO-data=16 RW-data=0 ZI-data=1256  
FromELF: creating hex file...
"LED_CHASING.axf" - 0 Error(s), 0 Warning(s).
Build target 'Target 1'
linking...
Program Size: Code=940 RO-data=16 RW-data=0 ZI-data=1256  
FromELF: creating hex file...
"LED_CHASING.axf" - 0 Error(s), 0 Warning(s).
Build target 'Target 1'
compiling second.c...
second.c(50): warning:  #111-D: statement is unreachable
linking...
Program Size: Code=940 RO-data=16 RW-data=0 ZI-data=1256  
FromELF: creating hex file...
"LED_CHASING.axf" - 0 Error(s), 1 Warning(s).
Build target 'Target 1'
linking...
Program Size: Code=940 RO-data=16 RW-data=0 ZI-data=1256  
FromELF: creating hex file...
"LED_CHASING.axf" - 0 Error(s), 0 Warning(s).
