<html>
<body>
<pre>
<h1>µVision Build Log</h1>
<h2>Project:</h2>
D:\SLT_ARM_Sample_Codes\Revised_LPC2148_Codes\UART1_Communication\Serial_UART1.uvproj
Project File Date:  03/06/2015

<h2>Output:</h2>
Rebuild target 'Target 1'
assembling Startup.s...
compiling UART1.c...
linking...
Program Size: Code=1260 RO-data=16 RW-data=0 ZI-data=1256  
FromELF: creating hex file...
"Serial_UART1.axf" - 0 Error(s), 0 Warning(s).
Rebuild target 'Target 1'
assembling Startup.s...
compiling UART1.c...
linking...
Program Size: Code=1256 RO-data=16 RW-data=0 ZI-data=1256  
FromELF: creating hex file...
"Serial_UART1.axf" - 0 Error(s), 0 Warning(s).
