<html>
<body>
<pre>
<h1>µVision Build Log</h1>
<h2>Project:</h2>
D:\Student Data\3508\lab08\GSM.uvproj
Project File Date:  02/04/2019

<h2>Output:</h2>
compiling code.c...
code.c(3): warning:  #1295-D: Deprecated declaration LCD_init - give arg types
code.c(15): warning:  #550-D: variable "dummy" was set but never used
code.c(154): warning:  #1-D: last line of file ends without a newline
code.c - 0 Error(s), 3 Warning(s).
Build target 'Target 1'
linking...
Program Size: Code=1664 RO-data=16 RW-data=0 ZI-data=1256  
FromELF: creating hex file...
"GSM.axf" - 0 Error(s), 0 Warning(s).
Build target 'Target 1'
assembling Startup.s...
compiling code.c...
code.c(3): warning:  #1295-D: Deprecated declaration LCD_init - give arg types
code.c(15): warning:  #550-D: variable "dummy" was set but never used
code.c(154): warning:  #1-D: last line of file ends without a newline
linking...
Program Size: Code=1664 RO-data=16 RW-data=0 ZI-data=1256  
FromELF: creating hex file...
"GSM.axf" - 0 Error(s), 3 Warning(s).
