<html>
<body>
<pre>
<h1>µVision Build Log</h1>
<h2>Project:</h2>
D:\Student Data\GLCD\GLCD333.uvproj
Project File Date:  01/09/2019

<h2>Output:</h2>
Build target 'Target 1'
compiling GLCD.C...
GLCD.C(109): warning:  #177-D: variable "k" was declared but never referenced
linking...
Program Size: Code=1048 RO-data=16 RW-data=0 ZI-data=1256  
"GLCD333.axf" - 0 Error(s), 1 Warning(s).
Build target 'Target 1'
linking...
Program Size: Code=1048 RO-data=16 RW-data=0 ZI-data=1256  
"GLCD333.axf" - 0 Error(s), 0 Warning(s).
Build target 'Target 1'
linking...
Program Size: Code=1320 RO-data=16 RW-data=0 ZI-data=1256  
FromELF: creating hex file...
"GLCD333.axf" - 0 Error(s), 0 Warning(s).
Build target 'Target 1'
linking...
Program Size: Code=1320 RO-data=16 RW-data=0 ZI-data=1256  
FromELF: creating hex file...
"GLCD333.axf" - 0 Error(s), 0 Warning(s).
Build target 'Target 1'
linking...
Program Size: Code=1320 RO-data=16 RW-data=0 ZI-data=1256  
FromELF: creating hex file...
"GLCD333.axf" - 0 Error(s), 0 Warning(s).
Build target 'Target 1'
compiling GLCD.C...
GLCD.C(109): warning:  #177-D: variable "k" was declared but never referenced
linking...
Program Size: Code=1320 RO-data=16 RW-data=0 ZI-data=1256  
FromELF: creating hex file...
"GLCD333.axf" - 0 Error(s), 1 Warning(s).
Build target 'Target 1'
linking...
Program Size: Code=1320 RO-data=16 RW-data=0 ZI-data=1256  
FromELF: creating hex file...
"GLCD333.axf" - 0 Error(s), 0 Warning(s).
Build target 'Target 1'
compiling GLCD.C...
GLCD.C(109): warning:  #177-D: variable "k" was declared but never referenced
GLCD.C(110): warning:  #177-D: variable "x" was declared but never referenced
linking...
Program Size: Code=1448 RO-data=1040 RW-data=0 ZI-data=1256  
FromELF: creating hex file...
"GLCD333.axf" - 0 Error(s), 2 Warning(s).
Build target 'Target 1'
linking...
Program Size: Code=1448 RO-data=1040 RW-data=0 ZI-data=1256  
FromELF: creating hex file...
"GLCD333.axf" - 0 Error(s), 0 Warning(s).
Build target 'Target 1'
linking...
Program Size: Code=1448 RO-data=1040 RW-data=0 ZI-data=1256  
FromELF: creating hex file...
"GLCD333.axf" - 0 Error(s), 0 Warning(s).
Build target 'Target 1'
linking...
Program Size: Code=1448 RO-data=1040 RW-data=0 ZI-data=1256  
FromELF: creating hex file...
"GLCD333.axf" - 0 Error(s), 0 Warning(s).
Build target 'Target 1'
compiling GLCD.C...
linking...
Program Size: Code=1452 RO-data=1040 RW-data=0 ZI-data=1256  
FromELF: creating hex file...
"GLCD333.axf" - 0 Error(s), 0 Warning(s).
Build target 'Target 1'
linking...
Program Size: Code=1452 RO-data=1040 RW-data=0 ZI-data=1256  
FromELF: creating hex file...
"GLCD333.axf" - 0 Error(s), 0 Warning(s).
Build target 'Target 1'
linking...
Program Size: Code=1452 RO-data=1040 RW-data=0 ZI-data=1256  
FromELF: creating hex file...
"GLCD333.axf" - 0 Error(s), 0 Warning(s).
Build target 'Target 1'
linking...
Program Size: Code=1452 RO-data=1040 RW-data=0 ZI-data=1256  
FromELF: creating hex file...
"GLCD333.axf" - 0 Error(s), 0 Warning(s).
Build target 'Target 1'
compiling PORT.C...
PORT.C(8): error:  #20: identifier "OXFFFFFFFF" is undefined
Target not created
Build target 'Target 1'
compiling PORT.C...
PORT.C(8): error:  #20: identifier "OXFFFFFFFF" is undefined
Target not created
Build target 'Target 1'
compiling PORT.C...
linking...
Program Size: Code=804 RO-data=16 RW-data=0 ZI-data=1256  
FromELF: creating hex file...
"GLCD333.axf" - 0 Error(s), 0 Warning(s).
Build target 'Target 1'
linking...
Program Size: Code=804 RO-data=16 RW-data=0 ZI-data=1256  
FromELF: creating hex file...
"GLCD333.axf" - 0 Error(s), 0 Warning(s).
Build target 'Target 1'
linking...
Program Size: Code=804 RO-data=16 RW-data=0 ZI-data=1256  
FromELF: creating hex file...
"PORT.axf" - 0 Error(s), 0 Warning(s).
Build target 'Target 1'
linking...
Program Size: Code=804 RO-data=16 RW-data=0 ZI-data=1256  
FromELF: creating hex file...
"PORT.axf" - 0 Error(s), 0 Warning(s).
Build target 'Target 1'
linking...
Program Size: Code=804 RO-data=16 RW-data=0 ZI-data=1256  
FromELF: creating hex file...
"PORT.axf" - 0 Error(s), 0 Warning(s).
