<html>
<body>
<pre>
<h1>µVision Build Log</h1>
<h2>Project:</h2>
D:\Student Data\GLCD\glcd123.uvproj
Project File Date:  01/08/2019

<h2>Output:</h2>
Build target 'Target 1'
compiling GLCD.C...
linking...
Program Size: Code=1180 RO-data=1040 RW-data=0 ZI-data=1256  
"glcd123.axf" - 0 Error(s), 0 Warning(s).
Build target 'Target 1'
linking...
Program Size: Code=1180 RO-data=1040 RW-data=0 ZI-data=1256  
"glcd123.axf" - 0 Error(s), 0 Warning(s).
Build target 'Target 1'
compiling GLCD.C...
linking...
Program Size: Code=1180 RO-data=1040 RW-data=0 ZI-data=1256  
"glcd123.axf" - 0 Error(s), 0 Warning(s).
Build target 'Target 1'
linking...
Program Size: Code=1452 RO-data=1040 RW-data=0 ZI-data=1256  
FromELF: creating hex file...
"glcd123.axf" - 0 Error(s), 0 Warning(s).
Build target 'Target 1'
compiling GLCD.C...
GLCD.C(109): warning:  #177-D: variable "k" was declared but never referenced
linking...
Program Size: Code=1320 RO-data=16 RW-data=0 ZI-data=1256  
FromELF: creating hex file...
"glcd123.axf" - 0 Error(s), 1 Warning(s).
Build target 'Target 1'
linking...
Program Size: Code=1320 RO-data=16 RW-data=0 ZI-data=1256  
FromELF: creating hex file...
"glcd123.axf" - 0 Error(s), 0 Warning(s).
Build target 'Target 1'
linking...
Program Size: Code=1320 RO-data=16 RW-data=0 ZI-data=1256  
FromELF: creating hex file...
"glcd123.axf" - 0 Error(s), 0 Warning(s).
Build target 'Target 1'
linking...
Program Size: Code=1320 RO-data=16 RW-data=0 ZI-data=1256  
FromELF: creating hex file...
"glcd123.axf" - 0 Error(s), 0 Warning(s).
