<html>
<body>
<pre>
<h1>µVision Build Log</h1>
<h2>Project:</h2>
D:\Student Data\ADC\ADC.uvproj
Project File Date:  02/18/2019

<h2>Output:</h2>
Build target 'Target 1'
compiling ADC.C...
ADC.C(99): warning:  #1-D: last line of file ends without a newline
linking...
Program Size: Code=1792 RO-data=16 RW-data=0 ZI-data=1256  
FromELF: creating hex file...
"ADC.axf" - 0 Error(s), 1 Warning(s).
Build target 'Target 1'
linking...
Program Size: Code=1792 RO-data=16 RW-data=0 ZI-data=1256  
FromELF: creating hex file...
"ADC.axf" - 0 Error(s), 0 Warning(s).
Build target 'Target 1'
linking...
Program Size: Code=1792 RO-data=16 RW-data=0 ZI-data=1256  
FromELF: creating hex file...
"ADC.axf" - 0 Error(s), 0 Warning(s).
Build target 'Target 1'
linking...
Program Size: Code=1792 RO-data=16 RW-data=0 ZI-data=1256  
FromELF: creating hex file...
"ADC.axf" - 0 Error(s), 0 Warning(s).
Build target 'Target 1'
linking...
Program Size: Code=1792 RO-data=16 RW-data=0 ZI-data=1256  
FromELF: creating hex file...
"ADC.axf" - 0 Error(s), 0 Warning(s).
Build target 'Target 1'
linking...
Program Size: Code=1792 RO-data=16 RW-data=0 ZI-data=1256  
FromELF: creating hex file...
"ADC.axf" - 0 Error(s), 0 Warning(s).
Build target 'Target 1'
linking...
Program Size: Code=1792 RO-data=16 RW-data=0 ZI-data=1256  
FromELF: creating hex file...
"ADC.axf" - 0 Error(s), 0 Warning(s).
Build target 'Target 1'
linking...
Program Size: Code=1792 RO-data=16 RW-data=0 ZI-data=1256  
FromELF: creating hex file...
"ADC.axf" - 0 Error(s), 0 Warning(s).
Build target 'Target 1'
assembling Startup.s...
compiling ADC.C...
ADC.C(99): warning:  #1-D: last line of file ends without a newline
linking...
Program Size: Code=1792 RO-data=16 RW-data=0 ZI-data=1256  
FromELF: creating hex file...
"ADC.axf" - 0 Error(s), 1 Warning(s).
Build target 'Target 1'
compiling ADC.C...
ADC.C(99): warning:  #1-D: last line of file ends without a newline
linking...
Program Size: Code=1800 RO-data=16 RW-data=0 ZI-data=1256  
FromELF: creating hex file...
"ADC.axf" - 0 Error(s), 1 Warning(s).
Build target 'Target 1'
linking...
Program Size: Code=1800 RO-data=16 RW-data=0 ZI-data=1256  
FromELF: creating hex file...
"ADC.axf" - 0 Error(s), 0 Warning(s).
Build target 'Target 1'
linking...
Program Size: Code=1800 RO-data=16 RW-data=0 ZI-data=1256  
FromELF: creating hex file...
"ADC.axf" - 0 Error(s), 0 Warning(s).
Build target 'Target 1'
compiling ADC.C...
ADC.C(100): warning:  #1-D: last line of file ends without a newline
linking...
Program Size: Code=1808 RO-data=16 RW-data=0 ZI-data=1256  
FromELF: creating hex file...
"ADC.axf" - 0 Error(s), 1 Warning(s).
Build target 'Target 1'
linking...
Program Size: Code=1808 RO-data=16 RW-data=0 ZI-data=1256  
FromELF: creating hex file...
"ADC.axf" - 0 Error(s), 0 Warning(s).
Build target 'Target 1'
linking...
Program Size: Code=1808 RO-data=16 RW-data=0 ZI-data=1256  
FromELF: creating hex file...
"ADC.axf" - 0 Error(s), 0 Warning(s).
Build target 'Target 1'
linking...
Program Size: Code=1808 RO-data=16 RW-data=0 ZI-data=1256  
FromELF: creating hex file...
"ADC.axf" - 0 Error(s), 0 Warning(s).
Build target 'Target 1'
compiling ADC.C...
ADC.C(100): warning:  #1-D: last line of file ends without a newline
linking...
Program Size: Code=1800 RO-data=16 RW-data=0 ZI-data=1256  
FromELF: creating hex file...
"ADC.axf" - 0 Error(s), 1 Warning(s).
Build target 'Target 1'
compiling ADC.C...
ADC.C(100): warning:  #1-D: last line of file ends without a newline
linking...
Program Size: Code=1804 RO-data=16 RW-data=0 ZI-data=1256  
FromELF: creating hex file...
"ADC.axf" - 0 Error(s), 1 Warning(s).
Build target 'Target 1'
linking...
Program Size: Code=1804 RO-data=16 RW-data=0 ZI-data=1256  
FromELF: creating hex file...
"ADC.axf" - 0 Error(s), 0 Warning(s).
Build target 'Target 1'
linking...
Program Size: Code=1804 RO-data=16 RW-data=0 ZI-data=1256  
FromELF: creating hex file...
"ADC.axf" - 0 Error(s), 0 Warning(s).
Build target 'Target 1'
compiling ADC.C...
ADC.C(100): warning:  #1-D: last line of file ends without a newline
linking...
Program Size: Code=1800 RO-data=16 RW-data=0 ZI-data=1256  
FromELF: creating hex file...
"ADC.axf" - 0 Error(s), 1 Warning(s).
Build target 'Target 1'
linking...
Program Size: Code=1800 RO-data=16 RW-data=0 ZI-data=1256  
FromELF: creating hex file...
"ADC.axf" - 0 Error(s), 0 Warning(s).
Build target 'Target 1'
linking...
Program Size: Code=1800 RO-data=16 RW-data=0 ZI-data=1256  
FromELF: creating hex file...
"ADC.axf" - 0 Error(s), 0 Warning(s).
Build target 'Target 1'
linking...
Program Size: Code=1800 RO-data=16 RW-data=0 ZI-data=1256  
FromELF: creating hex file...
"ADC.axf" - 0 Error(s), 0 Warning(s).
Build target 'Target 1'
linking...
Program Size: Code=1800 RO-data=16 RW-data=0 ZI-data=1256  
FromELF: creating hex file...
"ADC.axf" - 0 Error(s), 0 Warning(s).
Build target 'Target 1'
compiling ADC.C...
ADC.C(100): warning:  #1-D: last line of file ends without a newline
linking...
Program Size: Code=1800 RO-data=16 RW-data=0 ZI-data=1256  
FromELF: creating hex file...
"ADC.axf" - 0 Error(s), 1 Warning(s).
Build target 'Target 1'
linking...
Program Size: Code=1800 RO-data=16 RW-data=0 ZI-data=1256  
FromELF: creating hex file...
"ADC.axf" - 0 Error(s), 0 Warning(s).
Build target 'Target 1'
linking...
Program Size: Code=1800 RO-data=16 RW-data=0 ZI-data=1256  
FromELF: creating hex file...
"ADC.axf" - 0 Error(s), 0 Warning(s).
