<html>
<body>
<pre>
<h1>µVision Build Log</h1>
<h2>Project:</h2>
D:\SLT_ARM_Sample_Codes\LPC2148_Sample_Codes\TFT_16bit_Interface_SSD1289\TFT16bit_interface.uvproj
Project File Date:  03/13/2015

<h2>Output:</h2>
Rebuild target 'Target 1'
assembling Startup.s...
compiling main_tft16bit.c...
compiling TFT16bit_LCD.C...
linking...
Program Size: Code=2276 RO-data=16 RW-data=0 ZI-data=1256  
FromELF: creating hex file...
"TFT16bit_interface.axf" - 0 Error(s), 0 Warning(s).
Rebuild target 'Target 1'
assembling Startup.s...
compiling main_tft16bit.c...
main_tft16bit.c(42): warning:  #223-D: function "LCD_ON" declared implicitly
compiling TFT16bit_LCD.C...
TFT16bit_LCD.C(176): error:  #165: too few arguments in function call
Target not created
Rebuild target 'Target 1'
assembling Startup.s...
compiling main_tft16bit.c...
main_tft16bit.c(42): warning:  #223-D: function "LCD_ON" declared implicitly
compiling TFT16bit_LCD.C...
linking...
Program Size: Code=2392 RO-data=16 RW-data=0 ZI-data=1256  
FromELF: creating hex file...
"TFT16bit_interface.axf" - 0 Error(s), 1 Warning(s).
Rebuild target 'Target 1'
assembling Startup.s...
compiling main_tft16bit.c...
main_tft16bit.c(42): warning:  #223-D: function "LCD_ON" declared implicitly
compiling TFT16bit_LCD.C...
linking...
Program Size: Code=2356 RO-data=16 RW-data=0 ZI-data=1256  
FromELF: creating hex file...
"TFT16bit_interface.axf" - 0 Error(s), 1 Warning(s).
