<html>
<body>
<pre>
<h1>µVision Build Log</h1>
<h2>Project:</h2>
D:\SLT_ARM_Sample_Codes\LPC2148_Sample_Codes\TFT_16bit_Interface\TFT16bit_interface.uvproj
Project File Date:  03/13/2015

<h2>Output:</h2>
</pre>
</body>
</html>

assembling Startup.s...
compiling main_tft16bit.c...
compiling TFT16bit_LCD.C...
linking...
Program Size: Code=2376 RO-data=16 RW-data=0 ZI-data=1256  
FromELF: creating hex file...
"TFT_interface.axf" - 0 Error(s), 0 Warning(s).
Rebuild target 'Target 1'
assembling Startup.s...
compiling main_tft16bit.c...
compiling TFT16bit_LCD.C...
linking...
Program Size: Code=2376 RO-data=16 RW-data=0 ZI-data=1256  
FromELF: creating hex file...
"TFT16bit_interface.axf" - 0 Error(s), 0 Warning(s).
Rebuild target 'Target 1'
assembling Startup.s...
compiling main_tft16bit.c...
compiling TFT16bit_LCD.C...
TFT16bit_LCD.C(34): warning:  #61-D: integer operation result is out of range
TFT16bit_LCD.C(34): warning:  #68-D: integer conversion resulted in a change of sign
TFT16bit_LCD.C(58): error:  #109: expression must have (pointer-to-) function type
Target not created
Rebuild target 'Target 1'
assembling Startup.s...
compiling main_tft16bit.c...
compiling TFT16bit_LCD.C...
TFT16bit_LCD.C(58): error:  #109: expression must have (pointer-to-) function type
Target not created
Rebuild target 'Target 1'
assembling Startup.s...
compiling main_tft16bit.c...
compiling TFT16bit_LCD.C...
linking...
Program Size: Code=2424 RO-data=16 RW-data=0 ZI-data=1256  
FromELF: creating hex file...
"TFT16bit_interface.axf" - 0 Error(s), 0 Warning(s).
Rebuild target 'Target 1'
assembling Startup.s...
compiling main_tft16bit.c...
compiling TFT16bit_LCD.C...
linking...
Program Size: Code=2416 RO-data=16 RW-data=0 ZI-data=1256  
FromELF: creating hex file...
"TFT16bit_interface.axf" - 0 Error(s), 0 Warning(s).
Rebuild target 'Target 1'
assembling Startup.s...
compiling main_tft16bit.c...
compiling TFT16bit_LCD.C...
linking...
Program Size: Code=2416 RO-data=16 RW-data=0 ZI-data=1256  
FromELF: creating hex file...
"TFT16bit_interface.axf" - 0 Error(s), 0 Warning(s).
Rebuild target 'Target 1'
assembling Startup.s...
compiling main_tft16bit.c...
compiling TFT16bit_LCD.C...
linking...
Program Size: Code=2432 RO-data=16 RW-data=0 ZI-data=1256  
FromELF: creating hex file...
"TFT16bit_interface.axf" - 0 Error(s), 0 Warning(s).
Rebuild target 'Target 1'
assembling Startup.s...
compiling main_tft16bit.c...
compiling TFT16bit_LCD.C...
linking...
Program Size: Code=2428 RO-data=16 RW-data=0 ZI-data=1256  
FromELF: creating hex file...
"TFT16bit_interface.axf" - 0 Error(s), 0 Warning(s).
Rebuild target 'Target 1'
assembling Startup.s...
compiling main_tft16bit.c...
compiling TFT16bit_LCD.C...
linking...
Program Size: Code=2416 RO-data=16 RW-data=0 ZI-data=1256  
FromELF: creating hex file...
"TFT16bit_interface.axf" - 0 Error(s), 0 Warning(s).
