<html>
<body>
<pre>
<h1>µVision Build Log</h1>
<h2>Project:</h2>
D:\SLT_ARM_Sample_Codes\Revised_LPC2148_Codes\Additional_Programs\Timer_Delay\Timer_delay.uvproj
Project File Date:  02/03/2015

<h2>Output:</h2>
Rebuild target 'Target 1'
assembling Startup.s...
compiling LED_Timer.c...
LED_Timer.c(45): warning:  #1-D: last line of file ends without a newline
LED_Timer.c(33): warning:  #177-D: variable "sw1" was declared but never referenced
LED_Timer.c(33): warning:  #177-D: variable "val1" was declared but never referenced
linking...
Program Size: Code=912 RO-data=16 RW-data=0 ZI-data=1256  
FromELF: creating hex file...
"Timer_delay.axf" - 0 Error(s), 3 Warning(s).
Rebuild target 'Target 1'
assembling Startup.s...
compiling LED_Timer.c...
LED_Timer.c(45): warning:  #1-D: last line of file ends without a newline
linking...
Program Size: Code=928 RO-data=16 RW-data=0 ZI-data=1256  
FromELF: creating hex file...
"Timer_delay.axf" - 0 Error(s), 1 Warning(s).
Rebuild target 'Target 1'
assembling Startup.s...
compiling LED_Timer.c...
LED_Timer.c(45): warning:  #1-D: last line of file ends without a newline
linking...
Program Size: Code=928 RO-data=16 RW-data=0 ZI-data=1256  
FromELF: creating hex file...
"Timer_delay.axf" - 0 Error(s), 1 Warning(s).
