<html>
<body>
<pre>
<h1>µVision Build Log</h1>
<h2>Project:</h2>
D:\SLT_ARM_Sample_Codes\LPC2148_Sample_Codes\TFT_8bit_Interface_arduino\TFT_interface.uvproj
Project File Date:  03/13/2015

<h2>Output:</h2>
Rebuild target 'Target 1'
assembling Startup.s...
compiling main.c...
compiling TFT_LCD.C...
linking...
Program Size: Code=2340 RO-data=16 RW-data=0 ZI-data=1256  
FromELF: creating hex file...
"TFT_interface.axf" - 0 Error(s), 0 Warning(s).
Rebuild target 'Target 1'
assembling Startup.s...
compiling main.c...
compiling TFT_LCD.C...
linking...
Program Size: Code=2340 RO-data=16 RW-data=0 ZI-data=1256  
FromELF: creating hex file...
"TFT_interface.axf" - 0 Error(s), 0 Warning(s).
Rebuild target 'Target 1'
assembling Startup.s...
compiling main.c...
compiling TFT_LCD.C...
linking...
Program Size: Code=2340 RO-data=16 RW-data=0 ZI-data=1256  
FromELF: creating hex file...
"TFT_interface.axf" - 0 Error(s), 0 Warning(s).
