<html>
<body>
<pre>
<h1>µVision Build Log</h1>
<h2>Project:</h2>
C:\Users\Student\Desktop\GSM UART0 and UART1\Expt2b_GSM_to_send_SMS UART1\GSM_Send_SMS.uvproj
Project File Date:  03/03/2015

<h2>Output:</h2>
Rebuild target 'Target 1'
assembling Startup.s...
compiling Send_SMS.C...
linking...
Program Size: Code=1244 RO-data=16 RW-data=0 ZI-data=1256  
FromELF: creating hex file...
"GSM_Send_SMS.axf" - 0 Error(s), 0 Warning(s).
Rebuild target 'Target 1'
assembling Startup.s...
compiling Send_SMS.C...
linking...
Program Size: Code=1244 RO-data=16 RW-data=0 ZI-data=1256  
FromELF: creating hex file...
"GSM_Send_SMS.axf" - 0 Error(s), 0 Warning(s).
