<html>
<body>
<pre>
<h1>µVision Build Log</h1>
<h2>Project:</h2>
D:\ipk\EP\Suraj_EP_data\EP_Lectures_Data\ARM7_LPC2148_Codes\Expt2c_GPS_Interface_UART1\GPS_Interface.uvproj
Project File Date:  02/05/2018

<h2>Output:</h2>
compiling GPS_interface_lcd_uart0.c...
GPS_interface_lcd_uart0.c - 0 Error(s), 0 Warning(s).
Build target 'Target 1'
linking...
Program Size: Code=1812 RO-data=16 RW-data=0 ZI-data=1256  
FromELF: creating hex file...
"GPS_Interface_uart0.axf" - 0 Error(s), 0 Warning(s).
Build target 'Target 1'
assembling Startup.s...
compiling GPS_interface_lcd_uart0.c...
linking...
Program Size: Code=1812 RO-data=16 RW-data=0 ZI-data=1256  
FromELF: creating hex file...
"GPS_Interface_uart0.axf" - 0 Error(s), 0 Warning(s).
compiling GPS_interface_lcd_uart0.c...
GPS_interface_lcd_uart0.c - 0 Error(s), 0 Warning(s).
compiling GPS_interface_lcd_uart0.c...
GPS_interface_lcd_uart0.c - 0 Error(s), 0 Warning(s).
Build target 'Target 1'
assembling Startup.s...
linking...
Program Size: Code=1812 RO-data=16 RW-data=0 ZI-data=1256  
FromELF: creating hex file...
"C:\Users\Student.MPLAB04\Desktop\GPS_Interface_uart0.axf" - 0 Error(s), 0 Warning(s).
Build target 'Target 1'
assembling Startup.s...
compiling GPS_interface_lcd_uart0.c...
linking...
Program Size: Code=1812 RO-data=16 RW-data=0 ZI-data=1256  
FromELF: creating hex file...
"C:\Users\Student.MPLAB04\Desktop\GPS_Interface_uart0.axf" - 0 Error(s), 0 Warning(s).
compiling GPS_interface_lcd_uart0.c...
GPS_interface_lcd_uart0.c - 0 Error(s), 0 Warning(s).
Build target 'Target 1'
assembling Startup.s...
linking...
Program Size: Code=1812 RO-data=16 RW-data=0 ZI-data=1256  
FromELF: creating hex file...
"C:\Users\Student.MPLAB04\Documents\ipk\new.axf" - 0 Error(s), 0 Warning(s).
Build target 'Target 1'
assembling Startup.s...
compiling GPS_interface_lcd_uart0.c...
linking...
Program Size: Code=1812 RO-data=16 RW-data=0 ZI-data=1256  
FromELF: creating hex file...
"C:\Users\Student.MPLAB04\Documents\ipk\new.axf" - 0 Error(s), 0 Warning(s).
