<html>
<body>
<pre>
<h1>µVision Build Log</h1>
<h2>Project:</h2>
D:\SLT_ARM_Sample_Codes\Revised_LPC2148_Codes\Expt2c_GPS_Interface\GPS_Interface.uvproj
Project File Date:  03/06/2015

<h2>Output:</h2>
Rebuild target 'Target 1'
assembling Startup.s...
compiling GPS_interface_lcd.c...
GPS_interface_lcd.c(141): warning:  #69-D: integer conversion resulted in truncation
GPS_interface_lcd.c(154): warning:  #69-D: integer conversion resulted in truncation
linking...
Program Size: Code=1244 RO-data=16 RW-data=0 ZI-data=1256  
"GPS_Interface.axf" - 0 Error(s), 2 Warning(s).
Rebuild target 'Target 1'
assembling Startup.s...
compiling GPS_interface_lcd.c...
GPS_interface_lcd.c(141): warning:  #69-D: integer conversion resulted in truncation
GPS_interface_lcd.c(154): warning:  #69-D: integer conversion resulted in truncation
linking...
Program Size: Code=1516 RO-data=16 RW-data=0 ZI-data=1256  
FromELF: creating hex file...
"GPS_Interface.axf" - 0 Error(s), 2 Warning(s).
Rebuild target 'Target 1'
assembling Startup.s...
compiling GPS_interface_lcd.c...
GPS_interface_lcd.c(141): warning:  #69-D: integer conversion resulted in truncation
GPS_interface_lcd.c(154): warning:  #69-D: integer conversion resulted in truncation
linking...
Program Size: Code=1516 RO-data=16 RW-data=0 ZI-data=1256  
FromELF: creating hex file...
"GPS_Interface.axf" - 0 Error(s), 2 Warning(s).
Rebuild target 'Target 1'
assembling Startup.s...
compiling GPS_interface_lcd.c...
GPS_interface_lcd.c(141): warning:  #69-D: integer conversion resulted in truncation
GPS_interface_lcd.c(154): warning:  #69-D: integer conversion resulted in truncation
linking...
Program Size: Code=1516 RO-data=16 RW-data=0 ZI-data=1256  
FromELF: creating hex file...
"GPS_Interface.axf" - 0 Error(s), 2 Warning(s).
Rebuild target 'Target 1'
assembling Startup.s...
compiling GPS_interface_lcd.c...
GPS_interface_lcd.c(141): warning:  #69-D: integer conversion resulted in truncation
GPS_interface_lcd.c(154): warning:  #69-D: integer conversion resulted in truncation
linking...
Program Size: Code=1520 RO-data=16 RW-data=0 ZI-data=1256  
FromELF: creating hex file...
"GPS_Interface.axf" - 0 Error(s), 2 Warning(s).
Rebuild target 'Target 1'
assembling Startup.s...
compiling GPS_interface_lcd.c...
GPS_interface_lcd.c(130): error:  #144: a value of type "char *" cannot be used to initialize an entity of type "unsigned int"
GPS_interface_lcd.c(131): error:  #144: a value of type "char *" cannot be used to initialize an entity of type "unsigned int"
GPS_interface_lcd.c(144): warning:  #69-D: integer conversion resulted in truncation
GPS_interface_lcd.c(146): error:  #167: argument of type "unsigned int" is incompatible with parameter of type "const char *"
GPS_interface_lcd.c(146): error:  #167: argument of type "unsigned int" is incompatible with parameter of type "const char *"
GPS_interface_lcd.c(157): warning:  #69-D: integer conversion resulted in truncation
Target not created
Rebuild target 'Target 1'
assembling Startup.s...
compiling GPS_interface_lcd.c...
GPS_interface_lcd.c(130): error:  #144: a value of type "char *" cannot be used to initialize an entity of type "unsigned char"
GPS_interface_lcd.c(131): error:  #144: a value of type "char *" cannot be used to initialize an entity of type "unsigned char"
GPS_interface_lcd.c(144): warning:  #69-D: integer conversion resulted in truncation
GPS_interface_lcd.c(146): error:  #167: argument of type "unsigned char" is incompatible with parameter of type "const char *"
GPS_interface_lcd.c(146): error:  #167: argument of type "unsigned char" is incompatible with parameter of type "const char *"
GPS_interface_lcd.c(157): warning:  #69-D: integer conversion resulted in truncation
Target not created
Rebuild target 'Target 1'
assembling Startup.s...
compiling GPS_interface_lcd.c...
GPS_interface_lcd.c(144): warning:  #69-D: integer conversion resulted in truncation
GPS_interface_lcd.c(146): warning:  #167-D: argument of type "unsigned char *" is incompatible with parameter of type "const char *"
GPS_interface_lcd.c(146): warning:  #167-D: argument of type "unsigned char *" is incompatible with parameter of type "const char *"
GPS_interface_lcd.c(157): warning:  #69-D: integer conversion resulted in truncation
linking...
Program Size: Code=1736 RO-data=16 RW-data=0 ZI-data=1256  
FromELF: creating hex file...
"GPS_Interface.axf" - 0 Error(s), 4 Warning(s).
Rebuild target 'Target 1'
assembling Startup.s...
compiling GPS_interface_lcd.c...
GPS_interface_lcd.c(144): warning:  #69-D: integer conversion resulted in truncation
GPS_interface_lcd.c(146): warning:  #167-D: argument of type "unsigned char *" is incompatible with parameter of type "const char *"
GPS_interface_lcd.c(146): warning:  #167-D: argument of type "unsigned char *" is incompatible with parameter of type "const char *"
GPS_interface_lcd.c(157): warning:  #69-D: integer conversion resulted in truncation
linking...
Program Size: Code=1744 RO-data=16 RW-data=0 ZI-data=1256  
FromELF: creating hex file...
"GPS_Interface.axf" - 0 Error(s), 4 Warning(s).
Rebuild target 'Target 1'
assembling Startup.s...
compiling GPS_interface_lcd.c...
GPS_interface_lcd.c(133): error:  #20: identifier "unsinged" is undefined
GPS_interface_lcd.c(133): error:  #65: expected a ";"
GPS_interface_lcd.c(134): error:  #268: declaration may not appear after executable statement in block
GPS_interface_lcd.c(136): error:  #20: identifier "j" is undefined
GPS_interface_lcd.c(136): warning:  #167-D: argument of type "unsigned char *" is incompatible with parameter of type "const char *"
GPS_interface_lcd.c(136): warning:  #167-D: argument of type "unsigned char *" is incompatible with parameter of type "const char *"
GPS_interface_lcd.c(145): warning:  #69-D: integer conversion resulted in truncation
GPS_interface_lcd.c(158): warning:  #69-D: integer conversion resulted in truncation
Target not created
Rebuild target 'Target 1'
assembling Startup.s...
compiling GPS_interface_lcd.c...
GPS_interface_lcd.c(136): warning:  #167-D: argument of type "unsigned char *" is incompatible with parameter of type "const char *"
GPS_interface_lcd.c(136): warning:  #167-D: argument of type "unsigned char *" is incompatible with parameter of type "const char *"
GPS_interface_lcd.c(145): warning:  #69-D: integer conversion resulted in truncation
GPS_interface_lcd.c(158): warning:  #69-D: integer conversion resulted in truncation
GPS_interface_lcd.c(133): warning:  #550-D: variable "j" was set but never used
linking...
Program Size: Code=1740 RO-data=16 RW-data=0 ZI-data=1256  
FromELF: creating hex file...
"GPS_Interface.axf" - 0 Error(s), 5 Warning(s).
Rebuild target 'Target 1'
assembling Startup.s...
compiling GPS_interface_lcd.c...
GPS_interface_lcd.c(136): warning:  #167-D: argument of type "unsigned char *" is incompatible with parameter of type "const char *"
GPS_interface_lcd.c(136): warning:  #167-D: argument of type "unsigned char *" is incompatible with parameter of type "const char *"
GPS_interface_lcd.c(145): warning:  #69-D: integer conversion resulted in truncation
GPS_interface_lcd.c(158): warning:  #69-D: integer conversion resulted in truncation
GPS_interface_lcd.c(133): warning:  #177-D: variable "j" was declared but never referenced
linking...
Program Size: Code=1752 RO-data=16 RW-data=0 ZI-data=1256  
FromELF: creating hex file...
"GPS_Interface.axf" - 0 Error(s), 5 Warning(s).
Rebuild target 'Target 1'
assembling Startup.s...
compiling GPS_interface_lcd.c...
GPS_interface_lcd.c(136): warning:  #167-D: argument of type "unsigned char *" is incompatible with parameter of type "const char *"
GPS_interface_lcd.c(136): warning:  #167-D: argument of type "unsigned char *" is incompatible with parameter of type "const char *"
GPS_interface_lcd.c(145): warning:  #69-D: integer conversion resulted in truncation
GPS_interface_lcd.c(158): warning:  #69-D: integer conversion resulted in truncation
GPS_interface_lcd.c(133): warning:  #177-D: variable "j" was declared but never referenced
linking...
Program Size: Code=1744 RO-data=16 RW-data=0 ZI-data=1256  
FromELF: creating hex file...
"GPS_Interface.axf" - 0 Error(s), 5 Warning(s).
Rebuild target 'Target 1'
assembling Startup.s...
compiling GPS_interface_lcd.c...
GPS_interface_lcd.c(144): warning:  #69-D: integer conversion resulted in truncation
GPS_interface_lcd.c(154): warning:  #167-D: argument of type "unsigned char *" is incompatible with parameter of type "const char *"
GPS_interface_lcd.c(154): warning:  #167-D: argument of type "unsigned char *" is incompatible with parameter of type "const char *"
GPS_interface_lcd.c(165): warning:  #69-D: integer conversion resulted in truncation
GPS_interface_lcd.c(132): warning:  #177-D: variable "j" was declared but never referenced
linking...
Program Size: Code=1748 RO-data=16 RW-data=0 ZI-data=1256  
FromELF: creating hex file...
"GPS_Interface.axf" - 0 Error(s), 5 Warning(s).
Rebuild target 'Target 1'
assembling Startup.s...
compiling GPS_interface_lcd.c...
GPS_interface_lcd.c(144): warning:  #69-D: integer conversion resulted in truncation
GPS_interface_lcd.c(154): warning:  #167-D: argument of type "unsigned char *" is incompatible with parameter of type "const char *"
GPS_interface_lcd.c(154): warning:  #167-D: argument of type "unsigned char *" is incompatible with parameter of type "const char *"
GPS_interface_lcd.c(165): warning:  #69-D: integer conversion resulted in truncation
GPS_interface_lcd.c(132): warning:  #177-D: variable "j" was declared but never referenced
linking...
Program Size: Code=1748 RO-data=16 RW-data=0 ZI-data=1256  
FromELF: creating hex file...
"GPS_Interface.axf" - 0 Error(s), 5 Warning(s).
Rebuild target 'Target 1'
assembling Startup.s...
compiling GPS_interface_lcd.c...
GPS_interface_lcd.c(144): warning:  #69-D: integer conversion resulted in truncation
GPS_interface_lcd.c(167): warning:  #69-D: integer conversion resulted in truncation
GPS_interface_lcd.c(132): warning:  #177-D: variable "j" was declared but never referenced
linking...
Program Size: Code=1588 RO-data=16 RW-data=0 ZI-data=1256  
FromELF: creating hex file...
"GPS_Interface.axf" - 0 Error(s), 3 Warning(s).
Rebuild target 'Target 1'
assembling Startup.s...
compiling GPS_interface_lcd.c...
GPS_interface_lcd.c(144): warning:  #69-D: integer conversion resulted in truncation
GPS_interface_lcd.c(167): warning:  #69-D: integer conversion resulted in truncation
GPS_interface_lcd.c(132): warning:  #177-D: variable "j" was declared but never referenced
linking...
Program Size: Code=1588 RO-data=16 RW-data=0 ZI-data=1256  
FromELF: creating hex file...
"GPS_Interface.axf" - 0 Error(s), 3 Warning(s).
Rebuild target 'Target 1'
assembling Startup.s...
compiling GPS_interface_lcd.c...
GPS_interface_lcd.c(144): warning:  #69-D: integer conversion resulted in truncation
GPS_interface_lcd.c(172): warning:  #69-D: integer conversion resulted in truncation
GPS_interface_lcd.c(132): warning:  #177-D: variable "j" was declared but never referenced
linking...
Program Size: Code=1608 RO-data=16 RW-data=0 ZI-data=1256  
FromELF: creating hex file...
"GPS_Interface.axf" - 0 Error(s), 3 Warning(s).
Rebuild target 'Target 1'
assembling Startup.s...
compiling GPS_interface_lcd.c...
GPS_interface_lcd.c(144): warning:  #69-D: integer conversion resulted in truncation
GPS_interface_lcd.c(172): warning:  #69-D: integer conversion resulted in truncation
GPS_interface_lcd.c(132): warning:  #177-D: variable "j" was declared but never referenced
linking...
Program Size: Code=1608 RO-data=16 RW-data=0 ZI-data=1256  
FromELF: creating hex file...
"GPS_Interface.axf" - 0 Error(s), 3 Warning(s).
Rebuild target 'Target 1'
assembling Startup.s...
compiling GPS_interface_lcd.c...
GPS_interface_lcd.c(144): warning:  #69-D: integer conversion resulted in truncation
GPS_interface_lcd.c(172): warning:  #69-D: integer conversion resulted in truncation
GPS_interface_lcd.c(132): warning:  #177-D: variable "j" was declared but never referenced
linking...
Program Size: Code=1608 RO-data=16 RW-data=0 ZI-data=1256  
FromELF: creating hex file...
"GPS_Interface.axf" - 0 Error(s), 3 Warning(s).
Rebuild target 'Target 1'
assembling Startup.s...
compiling GPS_interface_lcd.c...
GPS_interface_lcd.c(144): warning:  #69-D: integer conversion resulted in truncation
GPS_interface_lcd.c(172): warning:  #69-D: integer conversion resulted in truncation
GPS_interface_lcd.c(132): warning:  #177-D: variable "j" was declared but never referenced
linking...
Program Size: Code=1608 RO-data=16 RW-data=0 ZI-data=1256  
FromELF: creating hex file...
"GPS_Interface.axf" - 0 Error(s), 3 Warning(s).
Rebuild target 'Target 1'
assembling Startup.s...
compiling GPS_interface_lcd.c...
GPS_interface_lcd.c(144): warning:  #69-D: integer conversion resulted in truncation
GPS_interface_lcd.c(187): warning:  #69-D: integer conversion resulted in truncation
GPS_interface_lcd.c(194): warning:  #69-D: integer conversion resulted in truncation
GPS_interface_lcd.c(132): warning:  #177-D: variable "j" was declared but never referenced
linking...
Program Size: Code=1804 RO-data=16 RW-data=0 ZI-data=1256  
FromELF: creating hex file...
"GPS_Interface.axf" - 0 Error(s), 4 Warning(s).
Rebuild target 'Target 1'
assembling Startup.s...
compiling GPS_interface_lcd.c...
GPS_interface_lcd.c(144): warning:  #69-D: integer conversion resulted in truncation
GPS_interface_lcd.c(187): warning:  #69-D: integer conversion resulted in truncation
GPS_interface_lcd.c(194): warning:  #69-D: integer conversion resulted in truncation
GPS_interface_lcd.c(132): warning:  #177-D: variable "j" was declared but never referenced
linking...
Program Size: Code=1804 RO-data=16 RW-data=0 ZI-data=1256  
FromELF: creating hex file...
"GPS_Interface.axf" - 0 Error(s), 4 Warning(s).
Rebuild target 'Target 1'
assembling Startup.s...
compiling GPS_interface_lcd.c...
GPS_interface_lcd.c(144): warning:  #69-D: integer conversion resulted in truncation
GPS_interface_lcd.c(187): warning:  #69-D: integer conversion resulted in truncation
GPS_interface_lcd.c(194): warning:  #69-D: integer conversion resulted in truncation
GPS_interface_lcd.c(132): warning:  #177-D: variable "j" was declared but never referenced
linking...
Program Size: Code=1796 RO-data=16 RW-data=0 ZI-data=1256  
FromELF: creating hex file...
"GPS_Interface.axf" - 0 Error(s), 4 Warning(s).
Rebuild target 'Target 1'
assembling Startup.s...
compiling GPS_interface_lcd.c...
GPS_interface_lcd.c(144): warning:  #69-D: integer conversion resulted in truncation
GPS_interface_lcd.c(187): warning:  #69-D: integer conversion resulted in truncation
GPS_interface_lcd.c(194): warning:  #69-D: integer conversion resulted in truncation
GPS_interface_lcd.c(132): warning:  #177-D: variable "j" was declared but never referenced
linking...
Program Size: Code=1804 RO-data=16 RW-data=0 ZI-data=1256  
FromELF: creating hex file...
"GPS_Interface.axf" - 0 Error(s), 4 Warning(s).
Rebuild target 'Target 1'
assembling Startup.s...
compiling GPS_interface_lcd.c...
GPS_interface_lcd.c(144): warning:  #69-D: integer conversion resulted in truncation
GPS_interface_lcd.c(187): warning:  #69-D: integer conversion resulted in truncation
GPS_interface_lcd.c(194): warning:  #69-D: integer conversion resulted in truncation
GPS_interface_lcd.c(132): warning:  #177-D: variable "j" was declared but never referenced
linking...
Program Size: Code=1804 RO-data=16 RW-data=0 ZI-data=1256  
FromELF: creating hex file...
"GPS_Interface.axf" - 0 Error(s), 4 Warning(s).
Rebuild target 'Target 1'
assembling Startup.s...
compiling GPS_interface_lcd.c...
GPS_interface_lcd.c(144): warning:  #69-D: integer conversion resulted in truncation
GPS_interface_lcd.c(187): warning:  #69-D: integer conversion resulted in truncation
GPS_interface_lcd.c(194): warning:  #69-D: integer conversion resulted in truncation
GPS_interface_lcd.c(132): warning:  #177-D: variable "j" was declared but never referenced
linking...
Program Size: Code=1804 RO-data=16 RW-data=0 ZI-data=1256  
FromELF: creating hex file...
"GPS_Interface.axf" - 0 Error(s), 4 Warning(s).
Rebuild target 'Target 1'
assembling Startup.s...
compiling GPS_interface_lcd.c...
GPS_interface_lcd.c(132): warning:  #177-D: variable "j" was declared but never referenced
linking...
Program Size: Code=1804 RO-data=16 RW-data=0 ZI-data=1256  
FromELF: creating hex file...
"GPS_Interface.axf" - 0 Error(s), 1 Warning(s).
Rebuild target 'Target 1'
assembling Startup.s...
compiling GPS_interface_lcd.c...
GPS_interface_lcd.c(132): warning:  #177-D: variable "j" was declared but never referenced
linking...
Program Size: Code=1804 RO-data=16 RW-data=0 ZI-data=1256  
FromELF: creating hex file...
"GPS_Interface.axf" - 0 Error(s), 1 Warning(s).
Rebuild target 'Target 1'
assembling Startup.s...
compiling GPS_interface_lcd.c...
linking...
Program Size: Code=1804 RO-data=16 RW-data=0 ZI-data=1256  
FromELF: creating hex file...
"GPS_Interface.axf" - 0 Error(s), 0 Warning(s).
Rebuild target 'Target 1'
assembling Startup.s...
compiling GPS_interface_lcd_uart0.c...
linking...
Program Size: Code=1808 RO-data=16 RW-data=0 ZI-data=1256  
FromELF: creating hex file...
"GPS_Interface_uart0.axf" - 0 Error(s), 0 Warning(s).
